// Jest Snapshot v1, https://goo.gl/fbAQLP

exports[`<Header /> should match snapshot 1`] = `
ShallowWrapper {
  "length": 1,
  Symbol(enzyme.__root__): [Circular],
  Symbol(enzyme.__unrendered__): <Header />,
  Symbol(enzyme.__renderer__): Object {
    "batchedUpdates": [Function],
    "getNode": [Function],
    "render": [Function],
    "simulateEvent": [Function],
    "unmount": [Function],
  },
  Symbol(enzyme.__node__): Object {
    "instance": null,
    "key": undefined,
    "nodeType": "host",
    "props": Object {
      "children": <header>
        <h1>
          Achiever
        </h1>
        <nav>
          <Menu />
          <UserDetails
            userDetailsQuery={Object {}}
          />
        </nav>
      </header>,
      "className": "header-container",
    },
    "ref": null,
    "rendered": Object {
      "instance": null,
      "key": undefined,
      "nodeType": "host",
      "props": Object {
        "children": Array [
          <h1>
            Achiever
          </h1>,
          <nav>
            <Menu />
            <UserDetails
              userDetailsQuery={Object {}}
            />
          </nav>,
        ],
      },
      "ref": null,
      "rendered": Array [
        Object {
          "instance": null,
          "key": undefined,
          "nodeType": "host",
          "props": Object {
            "children": "Achiever",
          },
          "ref": null,
          "rendered": "Achiever",
          "type": "h1",
        },
        Object {
          "instance": null,
          "key": undefined,
          "nodeType": "host",
          "props": Object {
            "children": Array [
              <Menu />,
              <UserDetails
                userDetailsQuery={Object {}}
              />,
            ],
          },
          "ref": null,
          "rendered": Array [
            Object {
              "instance": null,
              "key": undefined,
              "nodeType": "class",
              "props": Object {},
              "ref": null,
              "rendered": null,
              "type": [Function],
            },
            Object {
              "instance": null,
              "key": undefined,
              "nodeType": "class",
              "props": Object {
                "userDetailsQuery": Object {},
              },
              "ref": null,
              "rendered": null,
              "type": [Function],
            },
          ],
          "type": "nav",
        },
      ],
      "type": "header",
    },
    "type": "div",
  },
  Symbol(enzyme.__nodes__): Array [
    Object {
      "instance": null,
      "key": undefined,
      "nodeType": "host",
      "props": Object {
        "children": <header>
          <h1>
            Achiever
          </h1>
          <nav>
            <Menu />
            <UserDetails
              userDetailsQuery={Object {}}
            />
          </nav>
        </header>,
        "className": "header-container",
      },
      "ref": null,
      "rendered": Object {
        "instance": null,
        "key": undefined,
        "nodeType": "host",
        "props": Object {
          "children": Array [
            <h1>
              Achiever
            </h1>,
            <nav>
              <Menu />
              <UserDetails
                userDetailsQuery={Object {}}
              />
            </nav>,
          ],
        },
        "ref": null,
        "rendered": Array [
          Object {
            "instance": null,
            "key": undefined,
            "nodeType": "host",
            "props": Object {
              "children": "Achiever",
            },
            "ref": null,
            "rendered": "Achiever",
            "type": "h1",
          },
          Object {
            "instance": null,
            "key": undefined,
            "nodeType": "host",
            "props": Object {
              "children": Array [
                <Menu />,
                <UserDetails
                  userDetailsQuery={Object {}}
                />,
              ],
            },
            "ref": null,
            "rendered": Array [
              Object {
                "instance": null,
                "key": undefined,
                "nodeType": "class",
                "props": Object {},
                "ref": null,
                "rendered": null,
                "type": [Function],
              },
              Object {
                "instance": null,
                "key": undefined,
                "nodeType": "class",
                "props": Object {
                  "userDetailsQuery": Object {},
                },
                "ref": null,
                "rendered": null,
                "type": [Function],
              },
            ],
            "type": "nav",
          },
        ],
        "type": "header",
      },
      "type": "div",
    },
  ],
  Symbol(enzyme.__options__): Object {
    "adapter": ReactSixteenAdapter {
      "options": Object {
        "enableComponentDidUpdateOnSetState": true,
      },
    },
  },
}
`;
