// Jest Snapshot v1, https://goo.gl/fbAQLP

exports[`ActiveDayTimes render should render 4 TimeGroups 1`] = `
ShallowWrapper {
  "length": 1,
  Symbol(enzyme.__root__): [Circular],
  Symbol(enzyme.__unrendered__): <ActiveDayTimes
    disabled={false}
    focusOnSubmit={[Function]}
    isHoliday={false}
    onTimeChange={[Function]}
    storedTimes={
      Array [
        Object {},
        Object {},
        Object {},
        Object {},
      ]
    }
    tabIndex={3}
  />,
  Symbol(enzyme.__renderer__): Object {
    "batchedUpdates": [Function],
    "getNode": [Function],
    "render": [Function],
    "simulateEvent": [Function],
    "unmount": [Function],
  },
  Symbol(enzyme.__node__): Object {
    "instance": null,
    "key": undefined,
    "nodeType": "host",
    "props": Object {
      "children": Array [
        <div
          className="no-pause"
        >
          <CheckBox
            disabled={false}
            label="Sem pausa para almoço"
            onCheck={[Function]}
            value={true}
          />
        </div>,
        Array [
          <TimeGroup
            disabled={false}
            emphasis={true}
            hidden={false}
            label="Entrada"
            onFocus={[Function]}
            onSet={[Function]}
            referenceHour={9}
            shouldHaveFocus={false}
            tabIndexes={5}
            time={Object {}}
          />,
          <TimeGroup
            disabled={false}
            emphasis={false}
            hidden={true}
            label="Ida para almoço"
            onFocus={[Function]}
            onSet={[Function]}
            referenceHour={12}
            shouldHaveFocus={false}
            tabIndexes={7}
            time={Object {}}
          />,
          <TimeGroup
            disabled={false}
            emphasis={false}
            hidden={true}
            label="Volta do almoço"
            onFocus={[Function]}
            onSet={[Function]}
            referenceHour={13}
            shouldHaveFocus={false}
            tabIndexes={9}
            time={Object {}}
          />,
          <TimeGroup
            disabled={false}
            emphasis={true}
            hidden={false}
            label="Saída"
            onFocus={[Function]}
            onSet={[Function]}
            referenceHour={17}
            shouldHaveFocus={false}
            tabIndexes={11}
            time={Object {}}
          />,
        ],
      ],
      "className": "active-day-times",
    },
    "ref": null,
    "rendered": Array [
      Object {
        "instance": null,
        "key": undefined,
        "nodeType": "host",
        "props": Object {
          "children": <CheckBox
            disabled={false}
            label="Sem pausa para almoço"
            onCheck={[Function]}
            value={true}
          />,
          "className": "no-pause",
        },
        "ref": null,
        "rendered": Object {
          "instance": null,
          "key": undefined,
          "nodeType": "class",
          "props": Object {
            "disabled": false,
            "label": "Sem pausa para almoço",
            "onCheck": [Function],
            "value": true,
          },
          "ref": null,
          "rendered": null,
          "type": [Function],
        },
        "type": "div",
      },
      Object {
        "instance": null,
        "key": "9",
        "nodeType": "class",
        "props": Object {
          "disabled": false,
          "emphasis": true,
          "hidden": false,
          "label": "Entrada",
          "onFocus": [Function],
          "onSet": [Function],
          "referenceHour": 9,
          "shouldHaveFocus": false,
          "tabIndexes": 5,
          "time": Object {},
        },
        "ref": null,
        "rendered": null,
        "type": [Function],
      },
      Object {
        "instance": null,
        "key": "12",
        "nodeType": "class",
        "props": Object {
          "disabled": false,
          "emphasis": false,
          "hidden": true,
          "label": "Ida para almoço",
          "onFocus": [Function],
          "onSet": [Function],
          "referenceHour": 12,
          "shouldHaveFocus": false,
          "tabIndexes": 7,
          "time": Object {},
        },
        "ref": null,
        "rendered": null,
        "type": [Function],
      },
      Object {
        "instance": null,
        "key": "13",
        "nodeType": "class",
        "props": Object {
          "disabled": false,
          "emphasis": false,
          "hidden": true,
          "label": "Volta do almoço",
          "onFocus": [Function],
          "onSet": [Function],
          "referenceHour": 13,
          "shouldHaveFocus": false,
          "tabIndexes": 9,
          "time": Object {},
        },
        "ref": null,
        "rendered": null,
        "type": [Function],
      },
      Object {
        "instance": null,
        "key": "17",
        "nodeType": "class",
        "props": Object {
          "disabled": false,
          "emphasis": true,
          "hidden": false,
          "label": "Saída",
          "onFocus": [Function],
          "onSet": [Function],
          "referenceHour": 17,
          "shouldHaveFocus": false,
          "tabIndexes": 11,
          "time": Object {},
        },
        "ref": null,
        "rendered": null,
        "type": [Function],
      },
    ],
    "type": "div",
  },
  Symbol(enzyme.__nodes__): Array [
    Object {
      "instance": null,
      "key": undefined,
      "nodeType": "host",
      "props": Object {
        "children": Array [
          <div
            className="no-pause"
          >
            <CheckBox
              disabled={false}
              label="Sem pausa para almoço"
              onCheck={[Function]}
              value={true}
            />
          </div>,
          Array [
            <TimeGroup
              disabled={false}
              emphasis={true}
              hidden={false}
              label="Entrada"
              onFocus={[Function]}
              onSet={[Function]}
              referenceHour={9}
              shouldHaveFocus={false}
              tabIndexes={5}
              time={Object {}}
            />,
            <TimeGroup
              disabled={false}
              emphasis={false}
              hidden={true}
              label="Ida para almoço"
              onFocus={[Function]}
              onSet={[Function]}
              referenceHour={12}
              shouldHaveFocus={false}
              tabIndexes={7}
              time={Object {}}
            />,
            <TimeGroup
              disabled={false}
              emphasis={false}
              hidden={true}
              label="Volta do almoço"
              onFocus={[Function]}
              onSet={[Function]}
              referenceHour={13}
              shouldHaveFocus={false}
              tabIndexes={9}
              time={Object {}}
            />,
            <TimeGroup
              disabled={false}
              emphasis={true}
              hidden={false}
              label="Saída"
              onFocus={[Function]}
              onSet={[Function]}
              referenceHour={17}
              shouldHaveFocus={false}
              tabIndexes={11}
              time={Object {}}
            />,
          ],
        ],
        "className": "active-day-times",
      },
      "ref": null,
      "rendered": Array [
        Object {
          "instance": null,
          "key": undefined,
          "nodeType": "host",
          "props": Object {
            "children": <CheckBox
              disabled={false}
              label="Sem pausa para almoço"
              onCheck={[Function]}
              value={true}
            />,
            "className": "no-pause",
          },
          "ref": null,
          "rendered": Object {
            "instance": null,
            "key": undefined,
            "nodeType": "class",
            "props": Object {
              "disabled": false,
              "label": "Sem pausa para almoço",
              "onCheck": [Function],
              "value": true,
            },
            "ref": null,
            "rendered": null,
            "type": [Function],
          },
          "type": "div",
        },
        Object {
          "instance": null,
          "key": "9",
          "nodeType": "class",
          "props": Object {
            "disabled": false,
            "emphasis": true,
            "hidden": false,
            "label": "Entrada",
            "onFocus": [Function],
            "onSet": [Function],
            "referenceHour": 9,
            "shouldHaveFocus": false,
            "tabIndexes": 5,
            "time": Object {},
          },
          "ref": null,
          "rendered": null,
          "type": [Function],
        },
        Object {
          "instance": null,
          "key": "12",
          "nodeType": "class",
          "props": Object {
            "disabled": false,
            "emphasis": false,
            "hidden": true,
            "label": "Ida para almoço",
            "onFocus": [Function],
            "onSet": [Function],
            "referenceHour": 12,
            "shouldHaveFocus": false,
            "tabIndexes": 7,
            "time": Object {},
          },
          "ref": null,
          "rendered": null,
          "type": [Function],
        },
        Object {
          "instance": null,
          "key": "13",
          "nodeType": "class",
          "props": Object {
            "disabled": false,
            "emphasis": false,
            "hidden": true,
            "label": "Volta do almoço",
            "onFocus": [Function],
            "onSet": [Function],
            "referenceHour": 13,
            "shouldHaveFocus": false,
            "tabIndexes": 9,
            "time": Object {},
          },
          "ref": null,
          "rendered": null,
          "type": [Function],
        },
        Object {
          "instance": null,
          "key": "17",
          "nodeType": "class",
          "props": Object {
            "disabled": false,
            "emphasis": true,
            "hidden": false,
            "label": "Saída",
            "onFocus": [Function],
            "onSet": [Function],
            "referenceHour": 17,
            "shouldHaveFocus": false,
            "tabIndexes": 11,
            "time": Object {},
          },
          "ref": null,
          "rendered": null,
          "type": [Function],
        },
      ],
      "type": "div",
    },
  ],
  Symbol(enzyme.__options__): Object {
    "adapter": ReactSixteenAdapter {
      "options": Object {
        "enableComponentDidUpdateOnSetState": true,
      },
    },
  },
}
`;

exports[`ActiveDayTimes render should render 4 TimeGroups 2`] = `
ShallowWrapper {
  "length": 1,
  Symbol(enzyme.__root__): [Circular],
  Symbol(enzyme.__unrendered__): <ActiveDayTimes
    disabled={false}
    focusOnSubmit={[Function]}
    isHoliday={false}
    onTimeChange={[Function]}
    storedTimes={
      Array [
        Object {},
        Object {},
        Object {},
        Object {},
      ]
    }
    tabIndex={3}
  />,
  Symbol(enzyme.__renderer__): Object {
    "batchedUpdates": [Function],
    "getNode": [Function],
    "render": [Function],
    "simulateEvent": [Function],
    "unmount": [Function],
  },
  Symbol(enzyme.__node__): Object {
    "instance": null,
    "key": undefined,
    "nodeType": "host",
    "props": Object {
      "children": Array [
        <div
          className="no-pause"
        >
          <CheckBox
            disabled={false}
            label="Sem pausa para almoço"
            onCheck={[Function]}
            value={true}
          />
        </div>,
        Array [
          <TimeGroup
            disabled={false}
            emphasis={true}
            hidden={false}
            label="Entrada"
            onFocus={[Function]}
            onSet={[Function]}
            referenceHour={9}
            shouldHaveFocus={false}
            tabIndexes={5}
            time={Object {}}
          />,
          <TimeGroup
            disabled={false}
            emphasis={false}
            hidden={true}
            label="Ida para almoço"
            onFocus={[Function]}
            onSet={[Function]}
            referenceHour={12}
            shouldHaveFocus={false}
            tabIndexes={7}
            time={Object {}}
          />,
          <TimeGroup
            disabled={false}
            emphasis={false}
            hidden={true}
            label="Volta do almoço"
            onFocus={[Function]}
            onSet={[Function]}
            referenceHour={13}
            shouldHaveFocus={false}
            tabIndexes={9}
            time={Object {}}
          />,
          <TimeGroup
            disabled={false}
            emphasis={true}
            hidden={false}
            label="Saída"
            onFocus={[Function]}
            onSet={[Function]}
            referenceHour={17}
            shouldHaveFocus={false}
            tabIndexes={11}
            time={Object {}}
          />,
        ],
      ],
      "className": "active-day-times",
    },
    "ref": null,
    "rendered": Array [
      Object {
        "instance": null,
        "key": undefined,
        "nodeType": "host",
        "props": Object {
          "children": <CheckBox
            disabled={false}
            label="Sem pausa para almoço"
            onCheck={[Function]}
            value={true}
          />,
          "className": "no-pause",
        },
        "ref": null,
        "rendered": Object {
          "instance": null,
          "key": undefined,
          "nodeType": "class",
          "props": Object {
            "disabled": false,
            "label": "Sem pausa para almoço",
            "onCheck": [Function],
            "value": true,
          },
          "ref": null,
          "rendered": null,
          "type": [Function],
        },
        "type": "div",
      },
      Object {
        "instance": null,
        "key": "9",
        "nodeType": "class",
        "props": Object {
          "disabled": false,
          "emphasis": true,
          "hidden": false,
          "label": "Entrada",
          "onFocus": [Function],
          "onSet": [Function],
          "referenceHour": 9,
          "shouldHaveFocus": false,
          "tabIndexes": 5,
          "time": Object {},
        },
        "ref": null,
        "rendered": null,
        "type": [Function],
      },
      Object {
        "instance": null,
        "key": "12",
        "nodeType": "class",
        "props": Object {
          "disabled": false,
          "emphasis": false,
          "hidden": true,
          "label": "Ida para almoço",
          "onFocus": [Function],
          "onSet": [Function],
          "referenceHour": 12,
          "shouldHaveFocus": false,
          "tabIndexes": 7,
          "time": Object {},
        },
        "ref": null,
        "rendered": null,
        "type": [Function],
      },
      Object {
        "instance": null,
        "key": "13",
        "nodeType": "class",
        "props": Object {
          "disabled": false,
          "emphasis": false,
          "hidden": true,
          "label": "Volta do almoço",
          "onFocus": [Function],
          "onSet": [Function],
          "referenceHour": 13,
          "shouldHaveFocus": false,
          "tabIndexes": 9,
          "time": Object {},
        },
        "ref": null,
        "rendered": null,
        "type": [Function],
      },
      Object {
        "instance": null,
        "key": "17",
        "nodeType": "class",
        "props": Object {
          "disabled": false,
          "emphasis": true,
          "hidden": false,
          "label": "Saída",
          "onFocus": [Function],
          "onSet": [Function],
          "referenceHour": 17,
          "shouldHaveFocus": false,
          "tabIndexes": 11,
          "time": Object {},
        },
        "ref": null,
        "rendered": null,
        "type": [Function],
      },
    ],
    "type": "div",
  },
  Symbol(enzyme.__nodes__): Array [
    Object {
      "instance": null,
      "key": undefined,
      "nodeType": "host",
      "props": Object {
        "children": Array [
          <div
            className="no-pause"
          >
            <CheckBox
              disabled={false}
              label="Sem pausa para almoço"
              onCheck={[Function]}
              value={true}
            />
          </div>,
          Array [
            <TimeGroup
              disabled={false}
              emphasis={true}
              hidden={false}
              label="Entrada"
              onFocus={[Function]}
              onSet={[Function]}
              referenceHour={9}
              shouldHaveFocus={false}
              tabIndexes={5}
              time={Object {}}
            />,
            <TimeGroup
              disabled={false}
              emphasis={false}
              hidden={true}
              label="Ida para almoço"
              onFocus={[Function]}
              onSet={[Function]}
              referenceHour={12}
              shouldHaveFocus={false}
              tabIndexes={7}
              time={Object {}}
            />,
            <TimeGroup
              disabled={false}
              emphasis={false}
              hidden={true}
              label="Volta do almoço"
              onFocus={[Function]}
              onSet={[Function]}
              referenceHour={13}
              shouldHaveFocus={false}
              tabIndexes={9}
              time={Object {}}
            />,
            <TimeGroup
              disabled={false}
              emphasis={true}
              hidden={false}
              label="Saída"
              onFocus={[Function]}
              onSet={[Function]}
              referenceHour={17}
              shouldHaveFocus={false}
              tabIndexes={11}
              time={Object {}}
            />,
          ],
        ],
        "className": "active-day-times",
      },
      "ref": null,
      "rendered": Array [
        Object {
          "instance": null,
          "key": undefined,
          "nodeType": "host",
          "props": Object {
            "children": <CheckBox
              disabled={false}
              label="Sem pausa para almoço"
              onCheck={[Function]}
              value={true}
            />,
            "className": "no-pause",
          },
          "ref": null,
          "rendered": Object {
            "instance": null,
            "key": undefined,
            "nodeType": "class",
            "props": Object {
              "disabled": false,
              "label": "Sem pausa para almoço",
              "onCheck": [Function],
              "value": true,
            },
            "ref": null,
            "rendered": null,
            "type": [Function],
          },
          "type": "div",
        },
        Object {
          "instance": null,
          "key": "9",
          "nodeType": "class",
          "props": Object {
            "disabled": false,
            "emphasis": true,
            "hidden": false,
            "label": "Entrada",
            "onFocus": [Function],
            "onSet": [Function],
            "referenceHour": 9,
            "shouldHaveFocus": false,
            "tabIndexes": 5,
            "time": Object {},
          },
          "ref": null,
          "rendered": null,
          "type": [Function],
        },
        Object {
          "instance": null,
          "key": "12",
          "nodeType": "class",
          "props": Object {
            "disabled": false,
            "emphasis": false,
            "hidden": true,
            "label": "Ida para almoço",
            "onFocus": [Function],
            "onSet": [Function],
            "referenceHour": 12,
            "shouldHaveFocus": false,
            "tabIndexes": 7,
            "time": Object {},
          },
          "ref": null,
          "rendered": null,
          "type": [Function],
        },
        Object {
          "instance": null,
          "key": "13",
          "nodeType": "class",
          "props": Object {
            "disabled": false,
            "emphasis": false,
            "hidden": true,
            "label": "Volta do almoço",
            "onFocus": [Function],
            "onSet": [Function],
            "referenceHour": 13,
            "shouldHaveFocus": false,
            "tabIndexes": 9,
            "time": Object {},
          },
          "ref": null,
          "rendered": null,
          "type": [Function],
        },
        Object {
          "instance": null,
          "key": "17",
          "nodeType": "class",
          "props": Object {
            "disabled": false,
            "emphasis": true,
            "hidden": false,
            "label": "Saída",
            "onFocus": [Function],
            "onSet": [Function],
            "referenceHour": 17,
            "shouldHaveFocus": false,
            "tabIndexes": 11,
            "time": Object {},
          },
          "ref": null,
          "rendered": null,
          "type": [Function],
        },
      ],
      "type": "div",
    },
  ],
  Symbol(enzyme.__options__): Object {
    "adapter": ReactSixteenAdapter {
      "options": Object {
        "enableComponentDidUpdateOnSetState": true,
      },
    },
  },
}
`;

exports[`ActiveDayTimes togglePause should hide lunch fields on check 1`] = `
ShallowWrapper {
  "length": 1,
  Symbol(enzyme.__root__): [Circular],
  Symbol(enzyme.__unrendered__): <ActiveDayTimes
    disabled={false}
    focusOnSubmit={[Function]}
    isHoliday={false}
    onTimeChange={[Function]}
    storedTimes={
      Array [
        Object {},
        Object {},
        Object {},
        Object {},
      ]
    }
    tabIndex={3}
  />,
  Symbol(enzyme.__renderer__): Object {
    "batchedUpdates": [Function],
    "getNode": [Function],
    "render": [Function],
    "simulateEvent": [Function],
    "unmount": [Function],
  },
  Symbol(enzyme.__node__): Object {
    "instance": null,
    "key": undefined,
    "nodeType": "host",
    "props": Object {
      "children": Array [
        <div
          className="no-pause"
        >
          <CheckBox
            disabled={false}
            label="Sem pausa para almoço"
            onCheck={[Function]}
            value={true}
          />
        </div>,
        Array [
          <TimeGroup
            disabled={false}
            emphasis={true}
            hidden={false}
            label="Entrada"
            onFocus={[Function]}
            onSet={[Function]}
            referenceHour={9}
            shouldHaveFocus={false}
            tabIndexes={5}
            time={Object {}}
          />,
          <TimeGroup
            disabled={false}
            emphasis={false}
            hidden={true}
            label="Ida para almoço"
            onFocus={[Function]}
            onSet={[Function]}
            referenceHour={12}
            shouldHaveFocus={false}
            tabIndexes={7}
            time={Object {}}
          />,
          <TimeGroup
            disabled={false}
            emphasis={false}
            hidden={true}
            label="Volta do almoço"
            onFocus={[Function]}
            onSet={[Function]}
            referenceHour={13}
            shouldHaveFocus={false}
            tabIndexes={9}
            time={Object {}}
          />,
          <TimeGroup
            disabled={false}
            emphasis={true}
            hidden={false}
            label="Saída"
            onFocus={[Function]}
            onSet={[Function]}
            referenceHour={17}
            shouldHaveFocus={false}
            tabIndexes={11}
            time={Object {}}
          />,
        ],
      ],
      "className": "active-day-times",
    },
    "ref": null,
    "rendered": Array [
      Object {
        "instance": null,
        "key": undefined,
        "nodeType": "host",
        "props": Object {
          "children": <CheckBox
            disabled={false}
            label="Sem pausa para almoço"
            onCheck={[Function]}
            value={true}
          />,
          "className": "no-pause",
        },
        "ref": null,
        "rendered": Object {
          "instance": null,
          "key": undefined,
          "nodeType": "class",
          "props": Object {
            "disabled": false,
            "label": "Sem pausa para almoço",
            "onCheck": [Function],
            "value": true,
          },
          "ref": null,
          "rendered": null,
          "type": [Function],
        },
        "type": "div",
      },
      Object {
        "instance": null,
        "key": "9",
        "nodeType": "class",
        "props": Object {
          "disabled": false,
          "emphasis": true,
          "hidden": false,
          "label": "Entrada",
          "onFocus": [Function],
          "onSet": [Function],
          "referenceHour": 9,
          "shouldHaveFocus": false,
          "tabIndexes": 5,
          "time": Object {},
        },
        "ref": null,
        "rendered": null,
        "type": [Function],
      },
      Object {
        "instance": null,
        "key": "12",
        "nodeType": "class",
        "props": Object {
          "disabled": false,
          "emphasis": false,
          "hidden": true,
          "label": "Ida para almoço",
          "onFocus": [Function],
          "onSet": [Function],
          "referenceHour": 12,
          "shouldHaveFocus": false,
          "tabIndexes": 7,
          "time": Object {},
        },
        "ref": null,
        "rendered": null,
        "type": [Function],
      },
      Object {
        "instance": null,
        "key": "13",
        "nodeType": "class",
        "props": Object {
          "disabled": false,
          "emphasis": false,
          "hidden": true,
          "label": "Volta do almoço",
          "onFocus": [Function],
          "onSet": [Function],
          "referenceHour": 13,
          "shouldHaveFocus": false,
          "tabIndexes": 9,
          "time": Object {},
        },
        "ref": null,
        "rendered": null,
        "type": [Function],
      },
      Object {
        "instance": null,
        "key": "17",
        "nodeType": "class",
        "props": Object {
          "disabled": false,
          "emphasis": true,
          "hidden": false,
          "label": "Saída",
          "onFocus": [Function],
          "onSet": [Function],
          "referenceHour": 17,
          "shouldHaveFocus": false,
          "tabIndexes": 11,
          "time": Object {},
        },
        "ref": null,
        "rendered": null,
        "type": [Function],
      },
    ],
    "type": "div",
  },
  Symbol(enzyme.__nodes__): Array [
    Object {
      "instance": null,
      "key": undefined,
      "nodeType": "host",
      "props": Object {
        "children": Array [
          <div
            className="no-pause"
          >
            <CheckBox
              disabled={false}
              label="Sem pausa para almoço"
              onCheck={[Function]}
              value={true}
            />
          </div>,
          Array [
            <TimeGroup
              disabled={false}
              emphasis={true}
              hidden={false}
              label="Entrada"
              onFocus={[Function]}
              onSet={[Function]}
              referenceHour={9}
              shouldHaveFocus={false}
              tabIndexes={5}
              time={Object {}}
            />,
            <TimeGroup
              disabled={false}
              emphasis={false}
              hidden={true}
              label="Ida para almoço"
              onFocus={[Function]}
              onSet={[Function]}
              referenceHour={12}
              shouldHaveFocus={false}
              tabIndexes={7}
              time={Object {}}
            />,
            <TimeGroup
              disabled={false}
              emphasis={false}
              hidden={true}
              label="Volta do almoço"
              onFocus={[Function]}
              onSet={[Function]}
              referenceHour={13}
              shouldHaveFocus={false}
              tabIndexes={9}
              time={Object {}}
            />,
            <TimeGroup
              disabled={false}
              emphasis={true}
              hidden={false}
              label="Saída"
              onFocus={[Function]}
              onSet={[Function]}
              referenceHour={17}
              shouldHaveFocus={false}
              tabIndexes={11}
              time={Object {}}
            />,
          ],
        ],
        "className": "active-day-times",
      },
      "ref": null,
      "rendered": Array [
        Object {
          "instance": null,
          "key": undefined,
          "nodeType": "host",
          "props": Object {
            "children": <CheckBox
              disabled={false}
              label="Sem pausa para almoço"
              onCheck={[Function]}
              value={true}
            />,
            "className": "no-pause",
          },
          "ref": null,
          "rendered": Object {
            "instance": null,
            "key": undefined,
            "nodeType": "class",
            "props": Object {
              "disabled": false,
              "label": "Sem pausa para almoço",
              "onCheck": [Function],
              "value": true,
            },
            "ref": null,
            "rendered": null,
            "type": [Function],
          },
          "type": "div",
        },
        Object {
          "instance": null,
          "key": "9",
          "nodeType": "class",
          "props": Object {
            "disabled": false,
            "emphasis": true,
            "hidden": false,
            "label": "Entrada",
            "onFocus": [Function],
            "onSet": [Function],
            "referenceHour": 9,
            "shouldHaveFocus": false,
            "tabIndexes": 5,
            "time": Object {},
          },
          "ref": null,
          "rendered": null,
          "type": [Function],
        },
        Object {
          "instance": null,
          "key": "12",
          "nodeType": "class",
          "props": Object {
            "disabled": false,
            "emphasis": false,
            "hidden": true,
            "label": "Ida para almoço",
            "onFocus": [Function],
            "onSet": [Function],
            "referenceHour": 12,
            "shouldHaveFocus": false,
            "tabIndexes": 7,
            "time": Object {},
          },
          "ref": null,
          "rendered": null,
          "type": [Function],
        },
        Object {
          "instance": null,
          "key": "13",
          "nodeType": "class",
          "props": Object {
            "disabled": false,
            "emphasis": false,
            "hidden": true,
            "label": "Volta do almoço",
            "onFocus": [Function],
            "onSet": [Function],
            "referenceHour": 13,
            "shouldHaveFocus": false,
            "tabIndexes": 9,
            "time": Object {},
          },
          "ref": null,
          "rendered": null,
          "type": [Function],
        },
        Object {
          "instance": null,
          "key": "17",
          "nodeType": "class",
          "props": Object {
            "disabled": false,
            "emphasis": true,
            "hidden": false,
            "label": "Saída",
            "onFocus": [Function],
            "onSet": [Function],
            "referenceHour": 17,
            "shouldHaveFocus": false,
            "tabIndexes": 11,
            "time": Object {},
          },
          "ref": null,
          "rendered": null,
          "type": [Function],
        },
      ],
      "type": "div",
    },
  ],
  Symbol(enzyme.__options__): Object {
    "adapter": ReactSixteenAdapter {
      "options": Object {
        "enableComponentDidUpdateOnSetState": true,
      },
    },
  },
}
`;
