// Jest Snapshot v1, https://goo.gl/fbAQLP

exports[`StatisticsDescription should render with a properly 1`] = `
ShallowWrapper {
  "length": 1,
  Symbol(enzyme.__root__): [Circular],
  Symbol(enzyme.__unrendered__): <StatisticsDescription
    description="Some description"
    value="08:00"
  />,
  Symbol(enzyme.__renderer__): Object {
    "batchedUpdates": [Function],
    "getNode": [Function],
    "render": [Function],
    "simulateEvent": [Function],
    "unmount": [Function],
  },
  Symbol(enzyme.__node__): Object {
    "instance": null,
    "key": undefined,
    "nodeType": "host",
    "props": Object {
      "children": Array [
        "Some description",
        " ",
        <strong>
          08:00
        </strong>,
      ],
      "className": "StatisticsDescription",
    },
    "ref": null,
    "rendered": Array [
      "Some description",
      " ",
      Object {
        "instance": null,
        "key": undefined,
        "nodeType": "host",
        "props": Object {
          "children": "08:00",
        },
        "ref": null,
        "rendered": "08:00",
        "type": "strong",
      },
    ],
    "type": "span",
  },
  Symbol(enzyme.__nodes__): Array [
    Object {
      "instance": null,
      "key": undefined,
      "nodeType": "host",
      "props": Object {
        "children": Array [
          "Some description",
          " ",
          <strong>
            08:00
          </strong>,
        ],
        "className": "StatisticsDescription",
      },
      "ref": null,
      "rendered": Array [
        "Some description",
        " ",
        Object {
          "instance": null,
          "key": undefined,
          "nodeType": "host",
          "props": Object {
            "children": "08:00",
          },
          "ref": null,
          "rendered": "08:00",
          "type": "strong",
        },
      ],
      "type": "span",
    },
  ],
  Symbol(enzyme.__options__): Object {
    "adapter": ReactSixteenAdapter {
      "options": Object {
        "enableComponentDidUpdateOnSetState": true,
      },
    },
  },
}
`;
